// Vitest Snapshot v1, https://vitest.dev/guide/snapshot.html

exports[`appRouter > should be configured as expected 1`] = `
[
  {
    "children": [
      {
        "element": <HomePage />,
        "hasErrorBoundary": false,
        "id": "0-0",
        "index": true,
      },
      {
        "children": undefined,
        "element": <React.Suspense
          fallback={
            <div>
              Cargando...
            </div>
          }
        >
          <UNDEFINED />
        </React.Suspense>,
        "hasErrorBoundary": false,
        "id": "0-1",
        "path": "heroes/:idSlug",
      },
      {
        "children": undefined,
        "element": <React.Suspense
          fallback={
            <div>
              Cargando...
            </div>
          }
        >
          <UNDEFINED />
        </React.Suspense>,
        "hasErrorBoundary": false,
        "id": "0-2",
        "path": "search",
      },
      {
        "children": undefined,
        "element": <Navigate
          to="/"
        />,
        "hasErrorBoundary": false,
        "id": "0-3",
        "path": "*",
      },
    ],
    "element": <HeroesLayouts />,
    "hasErrorBoundary": false,
    "id": "0",
    "path": "/",
  },
  {
    "children": [
      {
        "element": <React.Suspense
          fallback={
            <div>
              Cargando...
            </div>
          }
        >
          <UNDEFINED />
        </React.Suspense>,
        "hasErrorBoundary": false,
        "id": "1-0",
        "index": true,
      },
    ],
    "element": <AdminLayouts />,
    "hasErrorBoundary": false,
    "id": "1",
    "path": "/admin",
  },
]
`;
